{
    "mouse_heart - tiff - stub": {
        "content": [
            {
                "0": [
                    [
                        {
                            "id": "mouse_heart"
                        },
                        "mouse_heart_0_0_200_200_instanseg_outlines.wkt:md5,d41d8cd98f00b204e9800998ecf8427e"
                    ]
                ],
                "1": [
                    "versions.yml:md5,b88c7d6b4683aefd6f7cf6dc94f06d1e"
                ],
                "versions": [
                    "versions.yml:md5,b88c7d6b4683aefd6f7cf6dc94f06d1e"
                ],
                "wkts": [
                    [
                        {
                            "id": "mouse_heart"
                        },
                        "mouse_heart_0_0_200_200_instanseg_outlines.wkt:md5,d41d8cd98f00b204e9800998ecf8427e"
                    ]
                ]
            }
        ],
        "meta": {
            "nf-test": "0.9.2",
            "nextflow": "24.10.5"
        },
        "timestamp": "2025-04-26T01:02:32.421196518"
    },
    "mouse_heart - tiff": {
        "content": [
            {
                "0": [
                    [
                        {
                            "id": "mouse_heart"
                        },
                        "mouse_heart_0_0_200_200_instanseg_outlines.wkt:md5,59ac89147a5b5ffac7ca71dde15fbc9d"
                    ]
                ],
                "1": [
                    "versions.yml:md5,b88c7d6b4683aefd6f7cf6dc94f06d1e"
                ],
                "versions": [
                    "versions.yml:md5,b88c7d6b4683aefd6f7cf6dc94f06d1e"
                ],
                "wkts": [
                    [
                        {
                            "id": "mouse_heart"
                        },
                        "mouse_heart_0_0_200_200_instanseg_outlines.wkt:md5,59ac89147a5b5ffac7ca71dde15fbc9d"
                    ]
                ]
            }
        ],
        "meta": {
            "nf-test": "0.9.2",
            "nextflow": "24.10.5"
        },
        "timestamp": "2025-04-26T01:02:22.600950697"
    }
}